$ git checkout feature/header
Switched to branch 'feature/header'

Rodrigo@caue MINGW64 ~/documents/Rodrigo/primeiro-repo-github (feature/header)
$ touch header.txt

Rodrigo@caue MINGW64 ~/documents/Rodrigo/primeiro-repo-github (feature/header)
$ git branch -b feature/footer
error: unknown switch `b'
usage: git branch [<options>] [-r | -a] [--merged] [--no-merged]
   or: git branch [<options>] [-f] [--recurse-submodules] <branch-name> [<start-point>]
   or: git branch [<options>] [-l] [<pattern>...]
   or: git branch [<options>] [-r] (-d | -D) <branch-name>...
   or: git branch [<options>] (-m | -M) [<old-branch>] <new-branch>
   or: git branch [<options>] (-c | -C) [<old-branch>] <new-branch>
   or: git branch [<options>] [-r | -a] [--points-at]
   or: git branch [<options>] [-r | -a] [--format]

Generic options
    -v, --[no-]verbose    show hash and subject, give twice for upstream branch
    -q, --[no-]quiet      suppress informational messages
    -t, --[no-]track[=(direct|inherit)]
                          set branch tracking configuration
    -u, --[no-]set-upstream-to <upstream>
                          change the upstream info
    --[no-]unset-upstream unset the upstream info
    --[no-]color[=<when>] use colored output
    -r, --remotes         act on remote-tracking branches
    --contains <commit>   print only branches that contain the commit
    --no-contains <commit>
                          print only branches that don't contain the commit
    --[no-]abbrev[=<n>]   use <n> digits to display object names

Specific git-branch actions:
    -a, --all             list both remote-tracking and local branches
    -d, --[no-]delete     delete fully merged branch
    -D                    delete branch (even if not merged)
    -m, --[no-]move       move/rename a branch and its reflog
    -M                    move/rename a branch, even if target exists
    --[no-]omit-empty     do not output a newline after empty formatted refs
    -c, --[no-]copy       copy a branch and its reflog
    -C                    copy a branch, even if target exists
    -l, --[no-]list       list branch names
    --[no-]show-current   show current branch name
    --[no-]create-reflog  create the branch's reflog
    --[no-]edit-description
                          edit the description for the branch
    -f, --[no-]force      force creation, move/rename, deletion
    --merged <commit>     print only branches that are merged
    --no-merged <commit>  print only branches that are not merged
    --[no-]column[=<style>]
                          list branches in columns
    --[no-]sort <key>     field name to sort on
    --[no-]points-at <object>
                          print only branches of the object
    -i, --[no-]ignore-case
                          sorting and filtering are case insensitive
    --[no-]recurse-submodules
                          recurse through submodules
    --[no-]format <format>
                          format to use for the output


Rodrigo@caue MINGW64 ~/documents/Rodrigo/primeiro-repo-github (feature/header)
$ git checkout main
error: The following untracked working tree files would be overwritten by checkout:
        header.txt
Please move or remove them before you switch branches.
Aborting

Rodrigo@caue MINGW64 ~/documents/Rodrigo/primeiro-repo-github (feature/header)
$ git branch
  feature/cadastro
  feature/calculadora
* feature/header
  feature/login
  main
  next
  sprint

Rodrigo@caue MINGW64 ~/documents/Rodrigo/primeiro-repo-github (feature/header)
$ git checkout main
error: The following untracked working tree files would be overwritten by checkout:
        header.txt
Please move or remove them before you switch branches.
Aborting

Rodrigo@caue MINGW64 ~/documents/Rodrigo/primeiro-repo-github (feature/header)
$ git add header.txt 

Rodrigo@caue MINGW64 ~/documents/Rodrigo/primeiro-repo-github (feature/header)
$ git commit -m "feat/rodrigo-diniz: add header.txt"
[feature/header 59d863c] feat/rodrigo-diniz: add header.txt
 1 file changed, 0 insertions(+), 0 deletions(-)
 create mode 100644 header.txt

Rodrigo@caue MINGW64 ~/documents/Rodrigo/primeiro-repo-github (feature/header)
$ git checkout feature/footer
error: pathspec 'feature/footer' did not match any file(s) known to git

Rodrigo@caue MINGW64 ~/documents/Rodrigo/primeiro-repo-github (feature/header)
$ git checkout -b feature/footer
Switched to a new branch 'feature/footer'

Rodrigo@caue MINGW64 ~/documents/Rodrigo/primeiro-repo-github (feature/footer)
$ touch footer.txt

Rodrigo@caue MINGW64 ~/documents/Rodrigo/primeiro-repo-github (feature/footer)
$ git add footer.txt

Rodrigo@caue MINGW64 ~/documents/Rodrigo/primeiro-repo-github (feature/footer)
$ git commit -m "feat/rodrigo-diniz: add footer.txt"
[feature/footer 492f009] feat/rodrigo-diniz: add footer.txt
 1 file changed, 0 insertions(+), 0 deletions(-)
 create mode 100644 footer.txt

Rodrigo@caue MINGW64 ~/documents/Rodrigo/primeiro-repo-github (feature/footer)
$ git checkout -b feature/sidebar
Switched to a new branch 'feature/sidebar'

Rodrigo@caue MINGW64 ~/documents/Rodrigo/primeiro-repo-github (feature/sidebar)
$ touch sidebar.txt

Rodrigo@caue MINGW64 ~/documents/Rodrigo/primeiro-repo-github (feature/sidebar)
$ git add sidebar.txt

Rodrigo@caue MINGW64 ~/documents/Rodrigo/primeiro-repo-github (feature/sidebar)
$ git commit -m "feat/rodrigo-diniz: add sibebar.txt"
[feature/sidebar 444a63e] feat/rodrigo-diniz: add sibebar.txt
 1 file changed, 0 insertions(+), 0 deletions(-)
 create mode 100644 sidebar.txt

Rodrigo@caue MINGW64 ~/documents/Rodrigo/primeiro-repo-github (feature/sidebar)
$ git branch sprint
fatal: a branch named 'sprint' already exists

Rodrigo@caue MINGW64 ~/documents/Rodrigo/primeiro-repo-github (feature/sidebar)
$ git checkout sprint
Switched to branch 'sprint'

Rodrigo@caue MINGW64 ~/documents/Rodrigo/primeiro-repo-github (sprint)
$ git merge feature/header feature/footer feature/sidebar
Updating 7dcb948..444a63e
Fast-forward
 README.md   | 1 +
 footer.txt  | 0
 header.txt  | 0
 sidebar.txt | 0
 4 files changed, 1 insertion(+)
 create mode 100644 footer.txt
 create mode 100644 header.txt
 create mode 100644 sidebar.txt

Rodrigo@caue MINGW64 ~/documents/Rodrigo/primeiro-repo-github (sprint)
$ git checkout main
Switched to branch 'main'
Your branch is up to date with 'origin/main'.

Rodrigo@caue MINGW64 ~/documents/Rodrigo/primeiro-repo-github (main)
$ git merge sprint
Merge made by the 'ort' strategy.
 footer.txt  | 0
 sidebar.txt | 0
 2 files changed, 0 insertions(+), 0 deletions(-)
 create mode 100644 footer.txt
 create mode 100644 sidebar.txt

Rodrigo@caue MINGW64 ~/documents/Rodrigo/primeiro-repo-github (main)
$ push origin main 
bash: push: command not found

Rodrigo@caue MINGW64 ~/documents/Rodrigo/primeiro-repo-github (main)
$ git push origin main
Enumerating objects: 10, done.
Counting objects: 100% (10/10), done.
Delta compression using up to 16 threads
Compressing objects: 100% (8/8), done.
Writing objects: 100% (8/8), 969 bytes | 484.00 KiB/s, done.
Total 8 (delta 4), reused 0 (delta 0), pack-reused 0 (from 0)
remote: Resolving deltas: 100% (4/4), completed with 2 local objects.
To https://github.com/Rodrigodinizdev/primeiro-repo-github.git
   17dd801..627a4c7  main -> main