Rodrigo@caue MINGW64 ~/documents/Rodrigo/primeiro-repo-github (main)
$ git branch -b feature/menu
error: unknown switch `b'
usage: git branch [<options>] [-r | -a] [--merged] [--no-merged]
   or: git branch [<options>] [-f] [--recurse-submodules] <branch-name> [<start-point>]
   or: git branch [<options>] [-l] [<pattern>...]
   or: git branch [<options>] [-r] (-d | -D) <branch-name>...
   or: git branch [<options>] (-m | -M) [<old-branch>] <new-branch>
   or: git branch [<options>] (-c | -C) [<old-branch>] <new-branch>
   or: git branch [<options>] [-r | -a] [--points-at]
   or: git branch [<options>] [-r | -a] [--format]

Generic options
    -v, --[no-]verbose    show hash and subject, give twice for upstream branch
    -q, --[no-]quiet      suppress informational messages
    -t, --[no-]track[=(direct|inherit)]
                          set branch tracking configuration
    -u, --[no-]set-upstream-to <upstream>
                          change the upstream info
    --[no-]unset-upstream unset the upstream info
    --[no-]color[=<when>] use colored output
    -r, --remotes         act on remote-tracking branches
    --contains <commit>   print only branches that contain the commit
    --no-contains <commit>
                          print only branches that don't contain the commit
    --[no-]abbrev[=<n>]   use <n> digits to display object names

Specific git-branch actions:
    -a, --all             list both remote-tracking and local branches
    -d, --[no-]delete     delete fully merged branch
    -D                    delete branch (even if not merged)
    -m, --[no-]move       move/rename a branch and its reflog
    -M                    move/rename a branch, even if target exists
    --[no-]omit-empty     do not output a newline after empty formatted refs
    -c, --[no-]copy       copy a branch and its reflog
    -C                    copy a branch, even if target exists
    -l, --[no-]list       list branch names
    --[no-]show-current   show current branch name
    --[no-]create-reflog  create the branch's reflog
    --[no-]edit-description
                          edit the description for the branch
    -f, --[no-]force      force creation, move/rename, deletion
    --merged <commit>     print only branches that are merged
    --no-merged <commit>  print only branches that are not merged
    --[no-]column[=<style>]
                          list branches in columns
    --[no-]sort <key>     field name to sort on
    --[no-]points-at <object>
                          print only branches of the object
    -i, --[no-]ignore-case
                          sorting and filtering are case insensitive
    --[no-]recurse-submodules
                          recurse through submodules
    --[no-]format <format>
                          format to use for the output
    # Primeiramente, criei a branch chamada feature/menu utilizando o comando git branch -b <nome-da-branch> #                      


Rodrigo@caue MINGW64 ~/documents/Rodrigo/primeiro-repo-github (main)
$ git checkout -b feature/menu
Switched to a new branch 'feature/menu'
# Entrei na nova branch #

Rodrigo@caue MINGW64 ~/documents/Rodrigo/primeiro-repo-github (feature/menu)
$ git branch -a
* feature/menu
  main
  remotes/origin/HEAD -> origin/main
  remotes/origin/main
  # Listei as branchs #

Rodrigo@caue MINGW64 ~/documents/Rodrigo/primeiro-repo-github (feature/menu)
$ touch menu.txt
# Criei arquivo txt com opções de menu #

Rodrigo@caue MINGW64 ~/documents/Rodrigo/primeiro-repo-github (feature/menu)
$ git add menu.txt


Rodrigo@caue MINGW64 ~/documents/Rodrigo/primeiro-repo-github (feature/menu)
$ git commit -m "feat/rodrigo-diniz: add menu"
[feature/menu 480e2be] feat/rodrigo-diniz: add menu
 2 files changed, 5 insertions(+), 1 deletion(-)
 create mode 100644 menu.txt
 # Adicionei e commitei #

Rodrigo@caue MINGW64 ~/documents/Rodrigo/primeiro-repo-github (feature/menu)
$ git checkout main 
D       Dia 02/.gitignore
D       Dia 02/README.md
D       Dia 02/arquivo1.txt
D       Dia 02/arquivo2.txt
D       Dia 02/codigo/auxiliar.txt
D       Dia 02/codigo/principal.txt
D       Dia 02/docs/projeto.txt
D       Dia 02/docs/referencias.txt
D       Dia 02/estados-git.txt
D       Dia 02/exercicio1.txt
D       Dia 02/exercicio3.txt
D       Dia 02/historico-analise.txt
D       Dia 02/resumo-final.txt
D       Dia 02/tarefas.txt
D       Dia 02/teste.log
D       criado-no-github.txt
D       "dia 01/Instala\303\247\303\243o-git"
D       dia 01/config-git.txt
D       dia 01/controle-versao.txt
D       dia 01/estrutura-comandos-git.md
D       dia 01/guia-git.md
D       primeiro-repo/Captura de tela 2025-12-01 112735.png
D       primeiro-repo/Captura de tela 2025-12-01 114218.png
D       primeiro-repo/CloneMeuRepo/primeiro-repo-github
D       primeiro-repo/MyGym
D       primeiro-repo/Rodrigo.txt
D       primeiro-repo/conexao-remoto.txt
D       primeiro-repo/conta-github.txt
D       primeiro-repo/respostas-modulo-01
Switched to branch 'main'
Your branch and 'origin/main' have diverged,
and have 8 and 15 different commits each, respectively.
  (use "git pull" if you want to integrate the remote branch with yours)
  # Retornei para main e observei que o arquivo txt não existia #

Rodrigo@caue MINGW64 ~/documents/Rodrigo/primeiro-repo-github (main)
$ git checkout feature/menu
D       Dia 02/.gitignore
D       Dia 02/README.md
D       Dia 02/arquivo1.txt
D       Dia 02/arquivo2.txt
D       Dia 02/codigo/auxiliar.txt
D       Dia 02/codigo/principal.txt
D       Dia 02/docs/projeto.txt
D       Dia 02/docs/referencias.txt
D       Dia 02/estados-git.txt
D       Dia 02/exercicio1.txt
D       Dia 02/exercicio3.txt
D       Dia 02/historico-analise.txt
D       Dia 02/resumo-final.txt
D       Dia 02/tarefas.txt
D       Dia 02/teste.log
D       criado-no-github.txt
D       "dia 01/Instala\303\247\303\243o-git"
D       dia 01/config-git.txt
D       dia 01/controle-versao.txt
D       dia 01/estrutura-comandos-git.md
D       dia 01/guia-git.md
D       primeiro-repo/Captura de tela 2025-12-01 112735.png
D       primeiro-repo/Captura de tela 2025-12-01 114218.png
D       primeiro-repo/CloneMeuRepo/primeiro-repo-github
D       primeiro-repo/MyGym
D       primeiro-repo/Rodrigo.txt
D       primeiro-repo/conexao-remoto.txt
D       primeiro-repo/conta-github.txt
D       primeiro-repo/respostas-modulo-01
Switched to branch 'feature/menu'
# Retornei para branch #